// Vitest Snapshot v1, https://vitest.dev/guide/snapshot.html

exports[`permission hierarchy invariant > T18: permission sets are stable (snapshot) 1`] = `
{
  "ADMIN": [
    "analytics.getDashboard",
    "backgroundChecks.cancel",
    "backgroundChecks.connectSterling",
    "backgroundChecks.disconnectCheckr",
    "backgroundChecks.disconnectSterling",
    "backgroundChecks.finalizeAdverseAction",
    "backgroundChecks.getCheckrOAuthUrl",
    "backgroundChecks.getCheckrStatus",
    "backgroundChecks.getSterlingStatus",
    "backgroundChecks.initiate",
    "backgroundChecks.issueAndResolve",
    "backgroundChecks.listByOrg",
    "backgroundChecks.resolveFcra",
    "backgroundChecks.sendPreAdverseNotice",
    "billing.createCheckoutSession",
    "billing.createPortalSession",
    "billing.getBillingStatus",
    "bulkImport.get",
    "bulkImport.list",
    "bulkImport.start",
    "credentialSharing.claim",
    "credentialSharing.externalCredentialCount",
    "credentialSharing.requestSharing",
    "credentials.issue",
    "credentials.listOrgCredentials",
    "credentials.remove",
    "credentials.revoke",
    "discovery.inviteToApply",
    "discovery.searchVolunteers",
    "matching.getApplicationScores",
    "members.invite",
    "members.list",
    "members.removeMember",
    "members.updateRole",
    "notifications.getDigestPreference",
    "notifications.getPreferences",
    "notifications.updateDigestPreference",
    "notifications.updatePreference",
    "onboarding.dismiss",
    "onboarding.status",
    "opportunities.create",
    "opportunities.get",
    "opportunities.list",
    "opportunities.remove",
    "opportunities.update",
    "opportunities.updateStatus",
    "org.getCurrentOrg",
    "org.updateQrColor",
    "org.updateTimezone",
    "screener.activityFeed",
    "screener.createQuestion",
    "screener.dashboardStats",
    "screener.deleteQuestion",
    "screener.detail",
    "screener.dismissOnboarding",
    "screener.impactReport",
    "screener.list",
    "screener.listQuestions",
    "screener.moveQuestion",
    "screener.onboardingBaseline",
    "screener.saveOnboardingBaseline",
    "screener.setQuestionActive",
    "screener.updateQuestion",
    "screener.updateStatus",
    "shiftTemplates.create",
    "shiftTemplates.generate",
    "shiftTemplates.list",
    "shiftTemplates.remove",
    "shiftTemplates.update",
    "shifts.cancel",
    "shifts.checkinByQr",
    "shifts.complete",
    "shifts.create",
    "shifts.getById",
    "shifts.getCheckinStats",
    "shifts.getSignups",
    "shifts.getWaitlist",
    "shifts.list",
    "shifts.markAttendance",
    "shifts.remove",
    "shifts.update",
  ],
  "OWNER": [
    "analytics.getDashboard",
    "backgroundChecks.cancel",
    "backgroundChecks.connectSterling",
    "backgroundChecks.disconnectCheckr",
    "backgroundChecks.disconnectSterling",
    "backgroundChecks.finalizeAdverseAction",
    "backgroundChecks.getCheckrOAuthUrl",
    "backgroundChecks.getCheckrStatus",
    "backgroundChecks.getSterlingStatus",
    "backgroundChecks.initiate",
    "backgroundChecks.issueAndResolve",
    "backgroundChecks.listByOrg",
    "backgroundChecks.resolveFcra",
    "backgroundChecks.sendPreAdverseNotice",
    "billing.createCheckoutSession",
    "billing.createPortalSession",
    "billing.getBillingStatus",
    "bulkImport.get",
    "bulkImport.list",
    "bulkImport.start",
    "credentialSharing.claim",
    "credentialSharing.externalCredentialCount",
    "credentialSharing.requestSharing",
    "credentials.issue",
    "credentials.listOrgCredentials",
    "credentials.remove",
    "credentials.revoke",
    "discovery.inviteToApply",
    "discovery.searchVolunteers",
    "matching.getApplicationScores",
    "members.invite",
    "members.list",
    "members.removeMember",
    "members.updateRole",
    "notifications.getDigestPreference",
    "notifications.getPreferences",
    "notifications.updateDigestPreference",
    "notifications.updatePreference",
    "onboarding.dismiss",
    "onboarding.status",
    "opportunities.create",
    "opportunities.get",
    "opportunities.list",
    "opportunities.remove",
    "opportunities.update",
    "opportunities.updateStatus",
    "org.getCurrentOrg",
    "org.updateQrColor",
    "org.updateTimezone",
    "screener.activityFeed",
    "screener.createQuestion",
    "screener.dashboardStats",
    "screener.deleteQuestion",
    "screener.detail",
    "screener.dismissOnboarding",
    "screener.impactReport",
    "screener.list",
    "screener.listQuestions",
    "screener.moveQuestion",
    "screener.onboardingBaseline",
    "screener.saveOnboardingBaseline",
    "screener.setQuestionActive",
    "screener.updateQuestion",
    "screener.updateStatus",
    "shiftTemplates.create",
    "shiftTemplates.generate",
    "shiftTemplates.list",
    "shiftTemplates.remove",
    "shiftTemplates.update",
    "shifts.cancel",
    "shifts.checkinByQr",
    "shifts.complete",
    "shifts.create",
    "shifts.getById",
    "shifts.getCheckinStats",
    "shifts.getSignups",
    "shifts.getWaitlist",
    "shifts.list",
    "shifts.markAttendance",
    "shifts.remove",
    "shifts.update",
  ],
  "READONLY": [
    "billing.createCheckoutSession",
    "billing.createPortalSession",
    "billing.getBillingStatus",
    "notifications.getDigestPreference",
    "notifications.getPreferences",
    "notifications.updateDigestPreference",
    "notifications.updatePreference",
    "onboarding.dismiss",
    "onboarding.status",
    "org.getCurrentOrg",
  ],
  "STAFF": [
    "analytics.getDashboard",
    "backgroundChecks.cancel",
    "backgroundChecks.finalizeAdverseAction",
    "backgroundChecks.getCheckrStatus",
    "backgroundChecks.getSterlingStatus",
    "backgroundChecks.initiate",
    "backgroundChecks.issueAndResolve",
    "backgroundChecks.listByOrg",
    "backgroundChecks.resolveFcra",
    "backgroundChecks.sendPreAdverseNotice",
    "billing.createCheckoutSession",
    "billing.createPortalSession",
    "billing.getBillingStatus",
    "credentialSharing.claim",
    "credentialSharing.externalCredentialCount",
    "credentialSharing.requestSharing",
    "credentials.issue",
    "credentials.listOrgCredentials",
    "credentials.remove",
    "credentials.revoke",
    "discovery.inviteToApply",
    "discovery.searchVolunteers",
    "matching.getApplicationScores",
    "notifications.getDigestPreference",
    "notifications.getPreferences",
    "notifications.updateDigestPreference",
    "notifications.updatePreference",
    "onboarding.dismiss",
    "onboarding.status",
    "opportunities.create",
    "opportunities.get",
    "opportunities.list",
    "opportunities.remove",
    "opportunities.update",
    "opportunities.updateStatus",
    "org.getCurrentOrg",
    "org.updateQrColor",
    "org.updateTimezone",
    "shiftTemplates.create",
    "shiftTemplates.generate",
    "shiftTemplates.list",
    "shiftTemplates.remove",
    "shiftTemplates.update",
    "shifts.cancel",
    "shifts.checkinByQr",
    "shifts.complete",
    "shifts.create",
    "shifts.getById",
    "shifts.getCheckinStats",
    "shifts.getSignups",
    "shifts.getWaitlist",
    "shifts.list",
    "shifts.markAttendance",
    "shifts.remove",
    "shifts.update",
  ],
}
`;
